=== 1976-1977 ===
  policy: 3
  information: 2
  soviet: 2
  world: 2
  british: 1
  options: 1
  northern ireland: 1
  alternative: 1
  routes: 1
  cemetery: 1
  mayaguez: 1
  re-examined: 1
  misperception: 1
  shortage: 1
  north sea: 1
  oil: 1
  development: 1
  case study: 1
  government-industry: 1
  relationship: 1
  norway: 1
  united kingdom: 1
  legal: 1
  status: 1
  women: 1
  kenya: 1
  paternalism: 1
  inequality: 1
  dissidents: 1
  western: 1
  survey: 1
  limits: 1
  growth: 1
  mankind: 1
  really: 1
  turning: 1
  point: 1
  NATO: 1
  nukes: 1
  untouchable: 1
  question: 1
  entebbe: 1
  raid: 1
  principle: 1
  self-help: 1
  international law: 1
  justification: 1
  state: 1
  use: 1
  armed: 1
  force: 1
  phosphates: 1
  next: 1
  cartel: 1
  imbalances: 1
  communications: 1
  developing: 1
  common: 1
  agricultural: 1
  EEC: 1
  effects: 1
  grain: 1
  sector: 1
  politics: 1
  culture: 1
  USSR: 1
  art: 1
  government: 1
  tyranny: 1
  majority: 1

=== 1978 ===
  arms: 2
  technology: 2
  transfer: 2
  mutual: 1
  force: 1
  reductions: 1
  soviet-american: 1
  control: 1
  question: 1
  linkage: 1
  proprietary: 1
  protection: 1
  deepsea: 1
  mining: 1
  return: 1
  new: 1
  approach: 1
  seabeds: 1
  controversy: 1
  international law: 1
  weather: 1
  modification: 1
  marine: 1
  resources: 1
  potential: 1
  conflict: 1
  south china sea: 1
  legal: 1
  perspective: 1
  panama canal: 1
  treaty: 1
  year: 1
  departure: 1
  administrative: 1
  guidance: 1
  japan: 1
  maritime: 1
  strategy: 1
  procurement: 1
  brazil: 1
  argentina: 1
  pricing: 1
  determining: 1
  safe: 1
  price: 1
  US: 1
  trade: 1
  deficit: 1
  cause: 1
  alarm: 1

=== 1979 ===
  policy: 2
  approach: 2
  law: 2
  soviet: 1
  foreign: 1
  1970s: 1
  conceptual: 1
  overview: 1
  transfrontier: 1
  environmental: 1
  disputes: 1
  national: 1
  courts: 1
  western europe: 1
  defenses: 1
  extraterritorial: 1
  reach: 1
  antitrust: 1
  choice: 1
  plugging-in: 1
  third world: 1
  US: 1
  nuclear: 1
  non-proliferation: 1
  pakistan: 1
  controversy: 1
  quebec: 1
  international: 1
  personality: 1
  brazil: 1
  rise: 1
  dominance: 1
  latin america: 1
  petroleum: 1
  nigerian: 1
  civil war: 1

=== 1980 ===
  united states: 2
  investment: 2
  mutual: 1
  influence: 1
  italian: 1
  domestic: 1
  politics: 1
  international monetary fund: 1
  marxist: 1
  revisionism: 1
  east germany: 1
  case: 1
  joint: 1
  ventures: 1
  abroad: 1
  antitrust: 1
  use: 1
  law: 1
  encourage: 1
  smaller: 1
  families: 1
  singapore: 1
  development: 1
  grassroots: 1
  organizational: 1
  imperative: 1
  volkswagen: 1
  pacesetter: 1
  foreign: 1
  macroeconomic: 1
  aspects: 1
  oil: 1
  price: 1
  increases: 1
  canada: 1
  NATO: 1
  perceptions: 1
  middle: 1
  power: 1
  alliance: 1

=== 1981 ===
  problems: 3
  soviet: 2
  development: 2
  space: 2
  crisis: 2
  security: 2
  intelligence: 1
  arms: 1
  control: 1
  process: 1
  priorities: 1
  high-technology: 1
  electronics: 1
  trade: 1
  u.s.-japan: 1
  relationship: 1
  international: 1
  legal: 1
  theory: 1
  past: 1
  present: 1
  anatomy: 1
  failure: 1
  japan-u.s.s.r.: 1
  negotiations: 1
  siberian: 1
  oil: 1
  politics: 1
  historical: 1
  futuristic: 1
  perspective: 1
  geopolitics: 1
  remote: 1
  frontiers: 1
  panama canal: 1
  potential: 1
  years: 1
  ahead: 1
  myth: 1
  laager: 1
  using: 1
  US: 1
  business: 1
  pressure: 1
  south africa: 1
  land rights: 1
  controversy: 1
  case: 1
  australian: 1
  aborigines: 1
  redress: 1
  violations: 1
  international law: 1
  federal: 1
  courts: 1
  irrelevance: 1
  SALT II: 1
  cognitive: 1
  decision-making: 1
  management: 1
  iranian: 1
  parallels: 1
  isolation: 1
  managing: 1
  antarctica: 1
  saudi arabia: 1
  faces: 1
  saudi: 1
  american: 1
  interests: 1
  hegel: 1
  freedom: 1
  ideological: 1
  roots: 1
  foreign: 1
  policy: 1
  reform: 1
  repression: 1
  revolution: 1
  el salvador: 1
  role: 1
  migration: 1
  pakistan: 1
  gulf: 1
  energy: 1
  developing: 1
  countries: 1
  joint: 1
  ventures: 1
  abroad: 1
  unites: 1
  states: 1
  antitrust: 1
  reply: 1
  disquiet: 1
  western front: 1
  observations: 1
  twentieth anniversary: 1
  berlin wall: 1
  triage: 1
  triads: 1
  france: 1
  europe: 1
  united states: 1
  new: 1
  realities: 1
  old: 1
  alliance: 1
  rhetoric: 1
  reality: 1

=== 1982 ===
  international: 4
  foreign: 4
  policy: 3
  energy: 2
  economic: 2
  NATO: 2
  aftermath: 2
  banking: 2
  origins: 2
  ss-20: 1
  military: 1
  political: 1
  threat: 1
  chile: 1
  alliance: 1
  progress: 1
  peacekeeping: 1
  conflict: 1
  resolution: 1
  kashmir: 1
  dispute: 1
  observations: 1
  role: 1
  services: 1
  trade: 1
  poland: 1
  yet: 1
  lost: 1
  self-limiting: 1
  revolution: 1
  multilateral: 1
  negotiations: 1
  lessons: 1
  conference: 1
  cooperation: 1
  non-proliferation: 1
  baghdad: 1
  persian gulf: 1
  new: 1
  concept: 1
  burden: 1
  sharing: 1
  limits: 1
  ambiguity: 1
  mexico: 1
  presidential: 1
  succession: 1
  comparing: 1
  security: 1
  strategies: 1
  france: 1
  west germany: 1
  saur: 1
  coup: 1
  insurgency: 1
  counterinsurgency: 1
  afghanistan: 1
  facilities: 1
  future: 1
  offshore: 1
  debt: 1
  crisis: 1
  turkey: 1
  ASEAN: 1
  contributor: 1
  stability: 1
  development: 1
  misperceptions: 1
  u.s.-japan: 1
  trade relations: 1
  challenges: 1
  better: 1
  monetary: 1
  management: 1
  germany: 1
  implications: 1
  CDU: 1
  CSU: 1
  government: 1
  ore: 1
  wars: 1
  problem: 1
  US: 1
  dependence: 1
  materials: 1
  french: 1

=== 1983 ===
  arms: 4
  policy: 3
  future: 2
  peace: 2
  US: 2
  process: 2
  refugees: 2
  international law: 2
  international: 2
  american: 2
  trade: 2
  problems: 2
  prospects: 2
  nuclear: 2
  NATO: 1
  less: 1
  questionable: 1
  infatuation: 1
  solution: 1
  TNF: 1
  issue: 1
  role: 1
  transfer: 1
  middle east: 1
  mass: 1
  migration: 1
  immigration: 1
  reform: 1
  students: 1
  north: 1
  acid: 1
  rain: 1
  notes: 1
  u.s.-japanese: 1
  friction: 1
  financial: 1
  system: 1
  developing: 1
  country: 1
  debt: 1
  management: 1
  national: 1
  security: 1
  agency: 1
  high: 1
  technology: 1
  global: 1
  surveillance: 1
  control: 1
  debate: 1
  technocrats: 1
  firing: 1
  line: 1
  brazil: 1
  united states: 1
  nonproliferation: 1
  foreign: 1
  crossroads: 1
  visions: 1
  war: 1
  europe: 1
  guatemala: 1
  victims: 1
  shapers: 1
  government: 1
  policies: 1
  protestant: 1
  churches: 1
  freeze: 1
  perspective: 1
  dissent: 1
  repression: 1
  soviet union: 1
  chinese: 1
  views: 1
  sales: 1
  taiwan: 1
  u.s.-japan: 1
  influence: 1
  culture: 1
  japanese-american: 1
  negotiations: 1
  commentary: 1
  correspondence: 1

=== 1984 ===
  law: 3
  US: 2
  america: 2
  nuclear: 2
  alliance: 2
  energy: 2
  defense: 2
  age: 2
  commentary: 2
  correspondence: 2
  diplomacy: 2
  data: 2
  protection: 2
  nicaraguan: 1
  balance: 1
  sheet: 1
  pragmatic: 1
  appraisal: 1
  economic: 1
  aid: 1
  policy: 1
  central: 1
  weapons: 1
  international law: 1
  japanese: 1
  offshore: 1
  banking: 1
  world: 1
  financial: 1
  center: 1
  tokyo: 1
  voice: 1
  new: 1
  radio: 1
  station: 1
  cuba: 1
  security: 1
  prophet: 1
  statesman: 1
  SALT: 1
  soviet union: 1
  ballistic: 1
  missile: 1
  capabilities: 1
  constraints: 1
  development: 1
  theory: 1
  case study: 1
  chilean: 1
  land: 1
  reform: 1
  efforts: 1
  issue: 1
  people: 1
  civil: 1
  rest: 1
  laurels: 1
  investment: 1
  trade: 1
  gulf: 1
  OPEC: 1
  role: 1
  year: 1
  transformation: 1
  case: 1
  german: 1
  rearmament: 1
  crisis: 1
  golden: 1
  compassion: 1
  given: 1
  asylum: 1
  united states: 1
  transborder: 1
  flow: 1
  privacy: 1
  harmonization: 1
  public: 1
  past: 1
  search: 1
  american: 1
  style: 1
  propaganda: 1
  subsidies: 1
  adjustment: 1
  policies: 1
  eec-us: 1
  steel: 1
  dispute: 1
  revisited: 1
  constitutional: 1
  conundrum: 1
  examination: 1
  president: 1
  unilateral: 1
  termination: 1
  treaty: 1

=== 1985 ===
  united states: 3
  study: 3
  international: 2
  US: 2
  judiciary: 1
  africa: 1
  participation: 1
  telecommunication: 1
  union: 1
  series: 1
  interviews: 1
  dissent: 1
  decision-making: 1
  opposition: 1
  vietnam: 1
  war: 1
  evolution: 1
  multilateral: 1
  export: 1
  controls: 1
  critical: 1
  cocom: 1
  regime: 1
  portugal: 1
  empire: 1
  nation-state: 1
  renaissance: 1
  technology: 1
  european: 1
  community: 1
  decision: 1
  ESPRIT: 1
  symbolism: 1
  substance: 1
  year: 1
  europe: 1
  no-first-use: 1
  diplomacy: 1
  deterrence: 1
  strategy: 1
  public: 1
  opinion: 1
  practice: 1
  guide: 1
  treaty: 1
  interpretation: 1
  intertwined: 1
  futures: 1
  puerto rico: 1
  caribbean: 1
  basin: 1
  central: 1
  america: 1
  formidable: 1
  challenges: 1
  coping: 1
  terrorism: 1
  nexus: 1
  culture: 1
  politics: 1
  film: 1
  china relations: 1
  hong kong: 1
  singapore: 1
  future: 1
  asian: 1
  financial: 1
  centers: 1
  innovations: 1
  philanthropy: 1
  new: 1
  ideology: 1
  giving: 1
  role: 1
  nicaragua: 1
  brazilian: 1
  informatics: 1
  policy: 1
  price: 1
  sovereignty: 1
  problems: 1
  remote: 1
  sensing: 1
  look: 1
  american: 1
  law: 1
  approach: 1
  sensed: 1
  states: 1
  demands: 1

=== 1986 ===
  defense: 4
  SDI: 3
  strategic: 3
  american: 3
  policy: 2
  initiative: 2
  perspective: 2
  arms: 2
  control: 2
  west german: 2
  ethics: 1
  public: 1
  case: 1
  international law: 1
  debate: 1
  critic: 1
  summitry: 1
  US: 1
  presentation: 1
  european: 1
  response: 1
  nuclear: 1
  weapons: 1
  globalism: 1
  thinking: 1
  twice: 1
  weinberger doctrine: 1
  lessons: 1
  vietnam: 1
  confidence-building: 1
  measures: 1
  rescuing: 1
  fundamentalism: 1
  realism: 1
  future: 1
  greens: 1
  politics: 1
  development: 1
  pakistan: 1
  foreign: 1
  banks: 1
  china: 1
  current: 1
  prospects: 1
  changing: 1
  financial: 1
  system: 1
  administration: 1
  battle: 1
  contra: 1
  aid: 1
  central: 1
  dilemma: 1
  perceptions: 1
  options: 1
  liberation: 1
  theology: 1
  revolutionary: 1
  ideology: 1
  latin america: 1
  subject: 1
  index: 1

=== 1987 ===
  trade: 5
  policy: 4
  US: 3
  national: 3
  uruguay: 2
  round: 2
  position: 2
  nuclear: 2
  new: 2
  america: 2
  foreign: 2
  strategy: 2
  development: 2
  revitalize: 1
  trading: 1
  system: 1
  services: 1
  agriculture: 1
  multilateral: 1
  negotiations: 1
  financial: 1
  economic: 1
  consequences: 1
  gulf war: 1
  iraqi: 1
  responses: 1
  political: 1
  legitimacy: 1
  identity: 1
  saudi arabia: 1
  competing: 1
  allegiances: 1
  u.s.-china: 1
  agreement: 1
  failure: 1
  executive: 1
  policymaking: 1
  congressional: 1
  oversight: 1
  arms: 1
  control: 1
  objectives: 1
  administration: 1
  slave: 1
  continuity: 1
  change: 1
  strategic: 1
  security: 1
  issues: 1
  1990s: 1
  protecting: 1
  protectionism: 1
  freedom: 1
  public: 1
  opinion: 1
  fostering: 1
  democracy: 1
  enlightened: 1
  engagement: 1
  framework: 1
  21st century: 1
  needs: 1
  south africa: 1
  speech: 1
  information: 1
  center: 1
  new york: 1
  deficit: 1
  international: 1
  competitive: 1
  community: 1
  democratic: 1
  nations: 1
  project: 1
  food: 1
  aid: 1
  tool: 1
  rural: 1
  dangling: 1
  carrots: 1
  marxists: 1
  u.s.-mozambican relations: 1
  korea: 1
  stock: 1
  exchange: 1
  internationalization: 1

=== 1988 ===
  gorbachev: 4
  u.s.-japan: 3
  policy: 3
  new: 2
  economy: 2
  liberalization: 2
  relationships: 1
  public: 1
  private-sector: 1
  responses: 1
  global: 1
  american: 1
  politics: 1
  trans-pacific: 1
  tensions: 1
  charged: 1
  economic: 1
  environment: 1
  security relations: 1
  maturing: 1
  partnership: 1
  japan: 1
  counterproductive: 1
  reaction: 1
  toshiba: 1
  affair: 1
  reassessing: 1
  president: 1
  el salvador: 1
  success: 1
  failure: 1
  chinese: 1
  military: 1
  modernization: 1
  open: 1
  door: 1
  capital: 1
  market: 1
  innovations: 1
  way: 1
  increase: 1
  developing: 1
  country: 1
  bond: 1
  issues: 1
  daggers: 1
  air: 1
  anti-satellite: 1
  weapons: 1
  international law: 1
  china: 1
  economics: 1
  engine: 1
  political: 1
  change: 1
  soviet: 1
  thinking: 1
  world: 1
  foreign: 1
  vietnam: 1
  winds: 1
  eastern europe: 1
  west: 1
  glasnost: 1
  multiple: 1
  roles: 1
  reform: 1
  strategy: 1
  closing: 1
  identity: 1
  gap: 1
  search: 1
  german: 1
  unity: 1
  inter-american relations: 1
  reagan era: 1
  switzerland: 1
  rejects: 1
  united nations: 1
  spain-nato-united states: 1
  triangle: 1
  controls: 1
  negotiations: 1
  israeli: 1
  defense: 1
  industry: 1
  limits: 1
  growth: 1

=== 1989 ===
  development: 6
  culture: 4
  century: 3
  united states: 2
  global: 2
  challenges: 2
  international: 2
  diplomacy: 2
  twentieth: 2
  political: 2
  cultural: 2
  new: 1
  perspectives: 1
  economy: 1
  risks: 1
  conduct: 1
  economic relations: 1
  administration: 1
  managing: 1
  media: 1
  case: 1
  private: 1
  matching: 1
  US: 1
  security: 1
  interests: 1
  capabilities: 1
  president: 1
  going: 1
  alone: 1
  discussion: 1
  course: 1
  american: 1
  paradox: 1
  neutral: 1
  ally: 1
  historical: 1
  overview: 1
  iceland: 1
  participation: 1
  NATO: 1
  conflict: 1
  fourteenth: 1
  intervention: 1
  yemen: 1
  controlling: 1
  transboundary: 1
  movements: 1
  hazardous waste: 1
  evolution: 1
  convention: 1
  software: 1
  production: 1
  policy: 1
  alternatives: 1
  brazil: 1
  singapore: 1
  national: 1
  africa: 1
  perspective: 1
  veiled: 1
  apologetic: 1
  effort: 1
  social: 1
  reconstruction: 1
  economic: 1
  change: 1
  protestant: 1
  ethnic: 1
  revisited: 1
  look: 1
  obstacles: 1
  progress: 1
  third world: 1
  home: 1
  putting: 1
  back: 1
  burma: 1
  road: 1
  poverty: 1
  socio-political: 1
  analysis: 1
  television: 1
  chilean: 1
  plebiscite: 1
  gray: 1
  market: 1
  controversies: 1
  1980s: 1
  guatemalan: 1
  refugees: 1
  mexico: 1
  legal: 1
  standards: 1
  korean: 1
  reunification: 1
  dream: 1
  reality: 1
  police: 1
  world: 1

=== 1990 ===
  china: 5
  global: 3
  communist: 2
  people's republic: 2
  chinese: 2
  response: 2
  foreign: 2
  international: 2
  analysis: 2
  people: 1
  unfinished: 1
  revolution: 1
  easy: 1
  green: 1
  ecopolitics: 1
  90s: 1
  marxism: 1
  enters: 1
  confucian: 1
  realm: 1
  perspective: 1
  history: 1
  party: 1
  years: 1
  power: 1
  evaluating: 1
  rural: 1
  policies: 1
  origins: 1
  pro-democracy: 1
  movement: 1
  government: 1
  tale: 1
  reforms: 1
  future: 1
  business: 1
  sanctions: 1
  subdued relations: 1
  massacre: 1
  peoples: 1
  finally: 1
  vanguard: 1
  tibetan: 1
  dilemma: 1
  playing: 1
  new: 1
  rules: 1
  public: 1
  diplomacy: 1
  management: 1
  canada-us relations: 1
  iran-iraq: 1
  war: 1
  cease-fire: 1
  regional: 1
  political: 1
  parties: 1
  india: 1
  akali-dal: 1
  DMK-AIADMK: 1
  moral: 1
  dimensions: 1
  terrorism: 1
  culture: 1
  development: 1
  revisited: 1
  kinder: 1
  gentler: 1
  containment: 1
  heeding: 1
  nature: 1
  tug: 1
  environmental: 1
  agenda: 1
  international relations: 1
  scientific: 1
  policy: 1
  responses: 1
  climate: 1
  change: 1
  warming: 1
  counting: 1
  cost: 1
  resource: 1
  degradation: 1
  developing: 1
  world: 1
  jumping: 1
  ban: 1
  wagon: 1
  efforts: 1
  save: 1
  african elephant: 1
  amazonia: 1
  defense: 1
  brazil: 1
  sovereignty: 1
  traveling: 1
  toxic: 1
  trash: 1
  basel convention: 1
  need: 1
  eco-justice: 1
  post-cold war: 1
  environment: 1
  security: 1
  intifada: 1
  peace: 1
  process: 1
  threat: 1
  republic: 1
  politics: 1
  direct: 1
  investment: 1
  united states: 1
  US: 1
  decision: 1
  produce: 1
  chemical weapons: 1

=== 1991 ===
  new: 5
  world order: 4
  human rights: 3
  democracy: 3
  africa: 2
  political: 2
  economic: 2
  african: 2
  perestroika: 2
  security: 2
  world: 2
  post-cold war: 2
  sub-saharan africa: 1
  1990s: 1
  continent: 1
  transition: 1
  journeys: 1
  maps: 1
  change: 1
  south africa: 1
  mozambique: 1
  politics: 1
  recovery: 1
  scorecard: 1
  reforms: 1
  environmental: 1
  factor: 1
  development: 1
  legacy: 1
  communism: 1
  eastern europe: 1
  third world: 1
  china-israel: 1
  connection: 1
  motivations: 1
  rapprochement: 1
  strategy: 1
  survival: 1
  arab-israeli: 1
  conflict: 1
  US: 1
  unilateralism: 1
  collective: 1
  end: 1
  cold war: 1
  post-hegemonic: 1
  mosaic: 1
  economy: 1
  economic relations: 1
  era: 1
  international: 1
  organization: 1
  foreign: 1
  policy: 1
  united: 1
  germany: 1
  gulf war: 1
  environment: 1
  need: 1
  treaty: 1
  prohibiting: 1
  ecological: 1
  destruction: 1
  weapon: 1
  war: 1
  steps: 1
  right: 1
  direction: 1
  prospects: 1
  southern: 1
  cone: 1
  regime: 1
  trade: 1
  services: 1
  welfare: 1
  state: 1
  ideology: 1

=== 1992 ===
  trade: 5
  future: 4
  ethnic: 3
  new: 3
  state: 3
  international: 2
  identity: 2
  changing: 2
  policy: 2
  world order: 2
  climate: 2
  crisis: 2
  1990s: 1
  problematic: 1
  journey: 1
  national: 1
  nation-state: 1
  latin america: 1
  issues: 1
  perspectives: 1
  skeptical: 1
  view: 1
  selectivity: 1
  structure: 1
  unfair: 1
  law: 1
  channel: 1
  protectionism: 1
  textiles: 1
  apparel: 1
  perspective: 1
  jamaica: 1
  political: 1
  economy: 1
  service: 1
  sector: 1
  negotiations: 1
  uruguay: 1
  round: 1
  environment: 1
  trading: 1
  system: 1
  vision: 1
  realized: 1
  damage: 1
  human: 1
  capital: 1
  economic: 1
  burma: 1
  single-shot: 1
  conditional: 1
  unilateral: 1
  arms: 1
  control: 1
  initiatives: 1
  lessons: 1
  cases: 1
  action: 1
  change: 1
  emergence: 1
  regime: 1
  food: 1
  use: 1
  force: 1
  role: 1
  humanitarian: 1
  principles: 1
  gulf: 1
  friction: 1
  factionalism: 1
  yugoslav: 1
  struggle: 1
  stability: 1
  wall: 1
  east: 1
  meets: 1
  west: 1
  berlin: 1
  quebec: 1
  urge: 1
  autonomy: 1
  independence: 1
  coping: 1
  nagorno-karabakh: 1
  testing: 1
  moral: 1
  limits: 1
  self-determination: 1
  northern ireland: 1
  croatia: 1
  tiers: 1
  conflict: 1
  western: 1
  europe: 1
  protracted: 1
  civil war: 1
  sudan: 1
  multi-religious: 1
  multi-ethnic: 1
  pakistan: 1
  islamic: 1
  polity: 1
  peace: 1
  prospects: 1
  yugoslavia: 1
  south africa: 1
  transition: 1
  non-racial: 1
  democracy: 1
  unity: 1
  diversity: 1
  reflections: 1
  born-again: 1
  european: 1
  sovereignty: 1
  implications: 1
  un-sponsored: 1
  intervention: 1
  driftnet: 1
  fishing: 1
  north: 1
  pacific: 1
  environmental: 1
  foreign: 1
  dimensions: 1
  rise: 1
  revolutionary: 1
  movement: 1
  italian: 1
  immigration: 1
  albanian: 1
  precedent: 1
  security: 1
  NATO: 1

=== 1993 ===
  policy: 4
  global: 3
  power: 3
  gender: 3
  international relations: 3
  free: 3
  press: 3
  politics: 3
  changing: 2
  marketplace: 2
  ideas: 2
  communication: 2
  media: 2
  telecommunications: 2
  european: 2
  case: 2
  international: 2
  foreign: 2
  development: 2
  feminist: 2
  theory: 2
  women: 2
  new: 2
  democratic: 2
  sovereignty: 2
  europe: 2
  security: 2
  information: 1
  21st century: 1
  society: 1
  comes: 1
  first: 1
  triumph: 1
  western: 1
  news: 1
  russia: 1
  survive: 1
  emerging: 1
  african: 1
  democracies: 1
  role: 1
  television: 1
  impact: 1
  executive: 1
  decisionmaking: 1
  diplomacy: 1
  regional: 1
  interdependence: 1
  southeast asia: 1
  open: 1
  network: 1
  provision: 1
  evolution: 1
  regulatory: 1
  methodology: 1
  community: 1
  law: 1
  broadcasting: 1
  dutch: 1
  ozone: 1
  regime: 1
  concessions: 1
  nature: 1
  saudi: 1
  arabian: 1
  strategic: 1
  implications: 1
  american: 1
  curbing: 1
  rapid: 1
  population: 1
  growth: 1
  crux: 1
  sustainable: 1
  study: 1
  peaceful: 1
  revolution: 1
  philippines: 1
  identity: 1
  standpoint: 1
  meets: 1
  version: 1
  human rights: 1
  third world: 1
  factory: 1
  victims: 1
  saviors: 1
  middle east: 1
  national: 1
  selves: 1
  feminine: 1
  others: 1
  nation-states: 1
  progress: 1
  eastern europe: 1
  political: 1
  leadership: 1
  missing: 1
  link: 1
  sub-saharan africa: 1
  twilight: 1
  philippine: 1
  world: 1
  environment: 1
  hour: 1
  lessons: 1
  yugoslav: 1
  conflict: 1
  collective: 1
  system: 1
  international law: 1
  non-intervention: 1
  supersede: 1

=== 1994 ===
  US: 4
  non-traditional: 3
  missions: 3
  war crimes: 3
  force: 2
  peace: 2
  enforcement: 2
  military: 2
  united states: 2
  UN: 2
  case: 2
  american: 2
  economic: 2
  tribunal: 2
  permanent: 2
  use: 1
  debate: 1
  peacekeeping: 1
  related: 1
  operations: 1
  foreword: 1
  absence: 1
  war: 1
  employing: 1
  america: 1
  capabilities: 1
  1990s: 1
  lead: 1
  new: 1
  world order: 1
  future: 1
  creating: 1
  leadership: 1
  last: 1
  warrior: 1
  decline: 1
  armed: 1
  forces: 1
  fiction: 1
  standing: 1
  army: 1
  twenty-first century: 1
  vision: 1
  assistance: 1
  understanding: 1
  united nations: 1
  conventional: 1
  arms: 1
  register: 1
  dispute: 1
  settlement: 1
  provisions: 1
  NAFTA: 1
  CAFTA: 1
  progress: 1
  protectionism: 1
  role: 1
  CIA: 1
  technological: 1
  intelligence: 1
  indian: 1
  democracy: 1
  crisis: 1
  governability: 1
  former: 1
  yugoslavia: 1
  problems: 1
  prospects: 1
  forgetting: 1
  policies: 1
  practices: 1
  past: 1
  impunity: 1
  cambodia: 1
  iraq: 1
  tort: 1
  suits: 1
  aliens: 1
  based: 1
  international law: 1
  obstacles: 1
  creation: 1
  nuremberg: 1
  horizon: 1
  television: 1
  cinema: 1
  france: 1
  europe: 1
  heavenly: 1
  junk: 1
  restructuring: 1
  export: 1
  control: 1
  legislation: 1
  post-cold war: 1
  era: 1
  still: 1
  search: 1
  riding: 1
  storm: 1

=== 1995 ===
  human rights: 4
  military: 4
  minority: 3
  minorities: 3
  intervention: 3
  introduction: 2
  UN: 2
  law: 2
  nations: 2
  conflict: 2
  resolution: 2
  sanctions: 2
  diplomacy: 2
  haiti: 2
  american: 2
  bomb: 2
  rights: 1
  nutshell: 1
  approach: 1
  protecting: 1
  states: 1
  resources: 1
  interdependent: 1
  relationship: 1
  safeguards: 1
  south africa: 1
  legacy: 1
  rule: 1
  national: 1
  global: 1
  european: 1
  swiss: 1
  perspective: 1
  chiapas: 1
  first: 1
  post-modern: 1
  revolution: 1
  public: 1
  perceptions: 1
  peacekeeping: 1
  factor: 1
  international: 1
  conflicts: 1
  technology: 1
  advances: 1
  foreign: 1
  capabilities: 1
  integrating: 1
  US: 1
  industrial: 1
  base: 1
  strategic: 1
  necessity: 1
  america: 1
  future: 1
  question: 1
  AIPAC: 1
  israel: 1
  looking: 1
  inside: 1
  constructive: 1
  containment: 1
  alternatives: 1
  moral: 1
  legal: 1
  basis: 1
  neutrality: 1
  compatibility: 1
  role: 1
  el salvador: 1
  era: 1
  alternative: 1
  power: 1
  mission: 1
  unintended: 1
  consequences: 1
  structural: 1
  adjustment: 1
  programs: 1
  sub-saharan africa: 1
  silk: 1
  satellite: 1
  letter: 1
  central: 1
  asia: 1

=== 1996 ===
  international: 5
  migration: 4
  political: 3
  US: 3
  lessons: 2
  religion: 2
  global: 2
  caribbean: 2
  challenges: 2
  policy: 2
  revolution: 2
  terrorists: 1
  long: 1
  peace: 1
  society: 1
  islamic: 1
  malcontents: 1
  vodou: 1
  reform: 1
  haiti: 1
  community: 1
  conflict: 1
  resolution: 1
  media: 1
  improving: 1
  strained: 1
  relationship: 1
  cambodian: 1
  elections: 1
  benefits: 1
  legitimacy: 1
  putting: 1
  cart: 1
  horse: 1
  assessing: 1
  opportunities: 1
  regional: 1
  integration: 1
  latin america: 1
  cuban: 1
  democracy: 1
  act: 1
  implications: 1
  negotiating: 1
  new: 1
  united nations: 1
  article: 1
  taking: 1
  account: 1
  accountability: 1
  africa: 1
  developmental: 1
  despair: 1
  hope: 1
  trends: 1
  national: 1
  responses: 1
  security: 1
  perspective: 1
  citizenship: 1
  incorporation: 1
  nation-states: 1
  respond: 1
  mexican: 1
  immigration: 1
  united states: 1
  NAFTA: 1
  refugee: 1
  bridge: 1
  troubled: 1
  waters: 1
  forced: 1
  europe: 1
  refugees: 1
  hungarian: 1
  islam: 1
  foreign: 1
  group: 1
  rights: 1
  defuse: 1
  tensions: 1
  importance: 1
  parties: 1
  south africa: 1
  public: 1
  opinion: 1
  intervention: 1
  somalia: 1
  future: 1
  military-humanitarian: 1
  interventions: 1

=== 1997 ===
  democracy: 4
  elections: 4
  case: 3
  sovereignty: 3
  global: 3
  versus: 2
  intervention: 2
  war: 2
  international: 2
  policy: 2
  national: 2
  introduction: 1
  observations: 1
  bosnian: 1
  prijedor: 1
  russia: 1
  cold: 1
  peace: 1
  consensus: 1
  transcending: 1
  presidential: 1
  election: 1
  prospects: 1
  middle east: 1
  kuwait: 1
  taking: 1
  first: 1
  steps: 1
  multiparty system: 1
  united states: 1
  south africa: 1
  establishing: 1
  grassroots: 1
  guatemala: 1
  polarity: 1
  stability: 1
  post-cold war: 1
  persian gulf: 1
  counterproliferation: 1
  prevention: 1
  post: 1
  factum: 1
  mediating: 1
  role: 1
  kashmir: 1
  dispute: 1
  india: 1
  pakistan: 1
  nations: 1
  warring: 1
  single state: 1
  exploration: 1
  identity: 1
  self-determination: 1
  quebec: 1
  still: 1
  environmental: 1
  softening: 1
  sovereignty-building: 1
  chechnya: 1
  chimera: 1
  armed: 1
  humanitarian: 1
  organized crime: 1
  silent: 1
  threat: 1
  emerging: 1
  information: 1
  infrastructure: 1
  security: 1
  law: 1
  noncombatant: 1
  immunity: 1
  targeting: 1
  electric: 1
  power: 1
  systems: 1
  opium: 1
  supply: 1
  problems: 1
  promises: 1
  japan: 1
  economic-growth-led: 1
  foreign: 1
  perspective: 1
  unintended: 1
  consequences: 1
  democracies: 1
  respond: 1
  terrorism: 1
  NGO: 1
  overreach: 1
  greenpeace: 1
  pours: 1
  oil: 1
  troubled: 1
  waters: 1
  clean: 1
  legacy: 1
  advice: 1
  princes: 1
  age: 1

=== 1998 ===
  privatization: 3
  world: 2
  international: 2
  rights: 2
  russia: 2
  elite: 2
  new: 2
  terrorism: 1
  reality: 1
  rumors: 1
  conspiracies: 1
  psychological: 1
  climate: 1
  politics: 1
  albania: 1
  bosnia: 1
  internal: 1
  war: 1
  criminal: 1
  tribunal: 1
  headless: 1
  dragons: 1
  problem: 1
  leadership: 1
  APEC: 1
  rise: 1
  fall: 1
  nonintervention: 1
  norm: 1
  correlates: 1
  potential: 1
  consequences: 1
  silent: 1
  revolution: 1
  education: 1
  instability: 1
  gulf: 1
  monarchies: 1
  taliban: 1
  islam: 1
  women: 1
  muslim: 1
  twilight: 1
  multinational: 1
  firm: 1
  security: 1
  mercenaries: 1
  warfare: 1
  caspian: 1
  sea: 1
  oil: 1
  role: 1
  private: 1
  corporations: 1
  catalyst: 1
  management: 1
  peace: 1
  operations: 1
  pdd-56: 1
  gay: 1
  iron: 1
  curtain: 1
  directions: 1
  refugee: 1
  protection: 1
  marshall plan: 1
  dialogue: 1
  administration: 1
  press: 1
  pacifying: 1
  aid: 1
  NATO: 1
  expansion: 1
  undid: 1
  soviet union: 1
  interviews: 1
  publications: 1
  community: 1

=== 1999 ===
  financial: 4
  international: 3
  asian: 3
  crisis: 3
  sector: 2
  financial crisis: 2
  lessons: 2
  case: 2
  japan: 2
  market: 2
  islamic: 2
  global: 2
  challenge: 2
  war: 2
  system: 1
  flawed: 1
  architecture: 1
  bailing: 1
  private: 1
  burden: 1
  sharing: 1
  management: 1
  meltdown: 1
  role: 1
  bank: 1
  exit: 1
  policies: 1
  thailand: 1
  fragility: 1
  risks: 1
  search: 1
  failure: 1
  finance: 1
  alternatives: 1
  western: 1
  model: 1
  ethics: 1
  banking: 1
  democratization: 1
  new: 1
  elite: 1
  fundamentalist: 1
  secular: 1
  order: 1
  middle east: 1
  american: 1
  campaign: 1
  environmental: 1
  reforms: 1
  world bank: 1
  quebec: 1
  tatarstan: 1
  international law: 1
  eu-u.s. relations: 1
  european: 1
  economic: 1
  monetary: 1
  union: 1
  change: 1
  already: 1
  evident: 1
  geography: 1
  lesson: 1
  diplomats: 1
  globalization: 1
  economies: 1
  return: 1
  history: 1
  reflections: 1
  ethiopia-eritrea: 1
  border: 1
  conflict: 1
  ending: 1
  civil: 1
  wars: 1
  liberia: 1
  military: 1
  responses: 1
  migration: 1
  glimpse: 1
  things: 1
  come: 1
  cities: 1
  walls: 1
  russian: 1
  factor: 1
  ukrainian: 1
  foreign: 1
  policy: 1
  critical: 1
  view: 1
  proposed: 1
  criminal: 1
  court: 1
  corporate: 1
  accountability: 1
  movement: 1
  opportunities: 1
  science: 1
  civilization: 1
  tasks: 1
  next: 1
  millennium: 1
  terrorism: 1
  future: 1

=== 2000 ===
  humanitarian: 3
  development: 2
  challenges: 2
  case: 2
  economy: 2
  russia: 2
  integration: 2
  peace: 2
  leadership: 2
  social: 2
  new: 2
  fidelity: 1
  variation: 1
  discerning: 1
  evolution: 1
  idea: 1
  insider: 1
  view: 1
  assistance: 1
  drawing: 1
  lines: 1
  water: 1
  challenge: 1
  vulnerability: 1
  analysis: 1
  developing: 1
  countries: 1
  seeds: 1
  unrest: 1
  political: 1
  genesis: 1
  conflict: 1
  chechnya: 1
  reflections: 1
  field: 1
  ethical: 1
  peacekeeping: 1
  interventions: 1
  ethics: 1
  international: 1
  sanctions: 1
  yugoslavia: 1
  telecoms: 1
  transition: 1
  survival: 1
  success: 1
  global: 1
  internet: 1
  elections: 1
  erode: 1
  democracy: 1
  reclaiming: 1
  cambodian: 1
  history: 1
  truth: 1
  commission: 1
  radical: 1
  consequences: 1
  benign: 1
  neglect: 1
  rise: 1
  PKK: 1
  germany: 1
  subsidiary: 1
  federalism: 1
  european union: 1
  economic: 1
  balkan: 1
  peninsula: 1
  key: 1
  regional: 1
  stability: 1
  plan: 1
  kosovo: 1
  nuclear: 1
  arsenal: 1
  bug: 1
  bite: 1
  small: 1
  states: 1
  changing: 1
  world: 1
  singapore: 1
  politics: 1
  european: 1
  slovenia: 1
  women: 1
  waging: 1
  lessons: 1
  reform: 1
  repression: 1
  egypt: 1
  building: 1
  bridge: 1
  episodic: 1
  volunteerism: 1
  capital: 1
  table: 1
  cana: 1
  model: 1
  exception: 1
  corporate: 1
  responsibility: 1
  oil: 1
  diplomacy: 1
  american: 1
  policy: 1
  persian gulf: 1
  sovereign: 1
  equality: 1
  equally: 1
  reduced: 1
  sovereignty: 1
  mister: 1
  nice: 1
  guy: 1
  becomes: 1
  hedgehog: 1
  problem: 1
  third world: 1
  paradigm: 1
  letters: 1
  editor: 1

=== 2001 ===
  policy: 3
  european: 3
  future: 3
  military: 3
  south korea: 2
  defense: 2
  justice: 2
  new: 2
  war: 2
  africa: 2
  peace: 2
  security: 2
  untying: 1
  afghan: 1
  knot: 1
  u.s.-korean relations: 1
  summit: 1
  sunshine: 1
  progress: 1
  predicaments: 1
  knowledge: 1
  networks: 1
  internet: 1
  development: 1
  oil: 1
  cost: 1
  barrel: 1
  implementing: 1
  global: 1
  performance: 1
  measurement: 1
  system: 1
  japan-u.s.: 1
  missile: 1
  collaboration: 1
  rhetorically: 1
  delicious: 1
  deceptively: 1
  dangerous: 1
  venezuela: 1
  transformation: 1
  mexican: 1
  presidentialism: 1
  dictators: 1
  dock: 1
  retroactive: 1
  consolidating: 1
  democracies: 1
  comparative: 1
  analysis: 1
  chile: 1
  revising: 1
  dayton: 1
  using: 1
  solutions: 1
  crises: 1
  search: 1
  political: 1
  community: 1
  aegean: 1
  area: 1
  opportunities: 1
  greece: 1
  turkey: 1
  corruption: 1
  islam: 1
  west: 1
  sierra: 1
  leone: 1
  democratization: 1
  double: 1
  standards: 1
  benin: 1
  togo: 1
  european union: 1
  commission: 1
  position: 1
  gmos: 1
  consumers: 1
  convinced: 1
  aspects: 1
  case: 1
  scottish: 1
  independence: 1
  efforts: 1
  making: 1
  multilateral: 1
  interventions: 1
  work: 1
  UN: 1
  creation: 1
  transitional: 1
  systems: 1
  kosovo: 1
  east: 1
  timor: 1
  mergers: 1
  reintegration: 1
  armed: 1
  forces: 1
  civil: 1
  wars: 1
  falklands: 1
  malvinas: 1
  framework: 1
  dealing: 1
  anglo-argentine: 1
  sovereignty: 1
  dispute: 1
  technology: 1
  power: 1
  final: 1
  word: 1
  depleted: 1
  uranium: 1
  faustian: 1
  bargain: 1
  nuclear: 1
  weapons: 1
  negative: 1
  assurances: 1
  belligerent: 1
  reprisal: 1
  primum: 1
  non: 1
  nocere: 1
  implications: 1
  globalization: 1
  biomedical: 1
  research: 1
  trials: 1
  understanding: 1
  colombia: 1

=== 2002 ===
  world: 4
  conference: 3
  racism: 3
  china: 3
  international: 3
  united states: 2
  conflict: 2
  new: 2
  wind: 2
  criminal: 2
  tribunal: 2
  war: 2
  civil: 2
  state: 2
  romania: 2
  wake: 1
  september: 1
  terrorist: 1
  attacks: 1
  leaders: 1
  enemies: 1
  bombing: 1
  assessing: 1
  effectiveness: 1
  air: 1
  strikes: 1
  counter-terrorism: 1
  strategy: 1
  durban: 1
  debacle: 1
  insider: 1
  view: 1
  UN: 1
  turkey: 1
  model: 1
  sustained: 1
  engagement: 1
  persian gulf: 1
  challenges: 1
  opportunities: 1
  applying: 1
  geneva: 1
  conventions: 1
  military: 1
  commissions: 1
  armed: 1
  al-qaeda: 1
  building: 1
  mediative: 1
  capacity: 1
  deep-rooted: 1
  shared: 1
  public: 1
  space: 1
  peacemaking: 1
  visions: 1
  place: 1
  israel: 1
  palestine: 1
  deal: 1
  disarmament: 1
  case: 1
  american: 1
  leadership: 1
  combating: 1
  nuclear: 1
  proliferation: 1
  sound: 1
  vision: 1
  unfinished: 1
  business: 1
  quadrennial: 1
  defense: 1
  review: 1
  report: 1
  lessons: 1
  internet: 1
  revolution: 1
  emerging: 1
  markets: 1
  answers: 1
  denmark: 1
  became: 1
  pioneer: 1
  power: 1
  man: 1
  overthrew: 1
  year: 1
  later: 1
  rules: 1
  referees: 1
  former: 1
  yugoslavia: 1
  unforeseen: 1
  successes: 1
  image: 1
  reality: 1
  crimes: 1
  justice: 1
  external: 1
  perceptions: 1
  rwanda: 1
  need: 1
  court: 1
  global: 1
  antitrust: 1
  explosion: 1
  safeguarding: 1
  trade: 1
  commerce: 1
  runaway: 1
  regulation: 1
  bottleneck: 1
  top: 1
  bottle: 1
  prosperity: 1
  nation: 1
  choice: 1
  things: 1
  government: 1
  private: 1
  sector: 1
  minorities: 1
  dilemmas: 1
  development: 1
  contemporary: 1
  lotus: 1
  files: 1
  emergence: 1
  technology: 1
  entrepreneurship: 1
  india: 1
  wider: 1
  lens: 1
  really: 1
  achieved: 1
  bet: 1
  economic: 1
  reform: 1
  sustaining: 1
  momentum: 1
  society: 1
  russia: 1
  bearing: 1
  unbearable: 1
  name: 1
  czech: 1
  banking: 1
  proving: 1
  value: 1
  environmental: 1
  management: 1
  systems: 1
  indonesia: 1
  many: 1
  information: 1
  warfare: 1
  powers: 1
  keeping: 1
  constitutional: 1
  balance: 1

=== 2003 ===
  terrorism: 5
  american: 4
  US: 3
  policy: 3
  conflict: 3
  international: 3
  war: 3
  september: 2
  year: 2
  world: 2
  terrorist: 2
  foreign: 2
  power: 2
  diplomacy: 2
  development: 2
  law: 2
  democracy: 2
  chechnya: 2
  whole: 1
  humanity: 1
  mind: 1
  response: 1
  durban: 1
  debacle: 1
  understanding: 1
  defeating: 1
  later: 1
  bellum: 1
  americanum: 1
  perceptions: 1
  arab: 1
  debates: 1
  washington: 1
  analyzing: 1
  mideast: 1
  stemming: 1
  flow: 1
  financing: 1
  practical: 1
  democrats: 1
  elements: 1
  reflection: 1
  present: 1
  day: 1
  traveler: 1
  geopolitics: 1
  globalization: 1
  police: 1
  world order: 1
  resolving: 1
  bosnian: 1
  european: 1
  solutions: 1
  DOS: 1
  second: 1
  human rights: 1
  resolution: 1
  practitioner: 1
  perspectives: 1
  globally: 1
  harmonized: 1
  system: 1
  negotiating: 1
  promote: 1
  public: 1
  health: 1
  environmental: 1
  protection: 1
  trade: 1
  caravan: 1
  move: 1
  HIV: 1
  AIDS: 1
  pandemic: 1
  structural: 1
  threat: 1
  africa: 1
  governance: 1
  economic: 1
  acts: 1
  right: 1
  self-defense: 1
  article: 1
  UN: 1
  charter: 1
  interesting: 1
  times: 1
  humanitarian: 1
  challenges: 1
  terror: 1
  self-determination: 1
  cultural: 1
  diversity: 1
  rome: 1
  kosovo: 1
  versus: 1
  seems: 1
  rest: 1
  rule: 1
  dictates: 1
  fear: 1
  german: 1
  perspective: 1
  civil: 1
  liberties: 1
  evolution: 1
  assistance: 1
  nuclear: 1
  vis-a-vis: 1
  DPRK: 1
  dead-end: 1
  street: 1
  case: 1
  distinction: 1
  internal: 1
  fragmentation: 1
  dynamics: 1
  political: 1
  dissent: 1
  egypt: 1
  victory: 1
  expediency: 1
  afghan: 1
  refugees: 1
  pakistan: 1
  1990s: 1
  game: 1
  theoretic: 1
  analysis: 1
  tyranny: 1
  rationalization: 1
  NATO: 1
  forces: 1
  balkans: 1
  business: 1
  continuity: 1
  global: 1
  enterprises: 1
  importance: 1
  protecting: 1
  managing: 1
  information: 1
  assets: 1

=== 2004 ===
  international: 3
  policy: 3
  biological: 2
  chemical weapons: 2
  criminal: 2
  iraq: 2
  US: 2
  security: 2
  post-9/11: 2
  global: 2
  challenges: 2
  transforming: 2
  assessing: 2
  nuclear: 2
  foreword: 1
  confronting: 1
  challenge: 1
  need: 1
  intellectual: 1
  infrastructure: 1
  draft: 1
  convention: 1
  prohibit: 1
  law: 1
  render: 1
  caesar: 1
  bureaucracy: 1
  nonproliferation: 1
  war: 1
  state: 1
  jemaah: 1
  islamiya: 1
  asia: 1
  united states: 1
  primacy: 1
  partnership: 1
  pacific: 1
  national: 1
  perils: 1
  prospects: 1
  middle east: 1
  region: 1
  egyptian: 1
  perspective: 1
  creating: 1
  consensus: 1
  combating: 1
  trafficking: 1
  persons: 1
  role: 1
  UN: 1
  responses: 1
  kosovo: 1
  crisis: 1
  humanitarian: 1
  imperative: 1
  international law: 1
  turning: 1
  turkey: 1
  importance: 1
  energy: 1
  distributor: 1
  ally: 1
  stabilization: 1
  stabilizing: 1
  societies: 1
  key: 1
  american: 1
  class: 1
  act: 1
  focus: 1
  foreign: 1
  footsteps: 1
  bombed: 1
  sudden: 1
  outbreak: 1
  tranquility: 1
  new: 1
  peace: 1
  africa: 1
  business: 1
  strategy: 1
  rwanda: 1
  two-states: 1
  alternative: 1
  visions: 1
  self-determination: 1
  people: 1
  palestine: 1
  u.s.-un relations: 1
  drifting: 1
  insignificance: 1
  increased: 1
  relevance: 1
  democratic: 1
  legacy: 1
  court: 1
  maturity: 1
  determining: 1
  states: 1
  access: 1
  technology: 1
  moving: 1
  babies: 1
  globalization: 1
  markets: 1
  transnational: 1
  adoption: 1
  timing: 1
  almost: 1
  everything: 1
  obstructionist: 1
  leadership: 1
  cypriot: 1
  style: 1
  europe: 1
  second: 1
  chance: 1
  european union: 1
  enlargement: 1
  croatia: 1
  western: 1
  balkans: 1

=== 2005 ===
  security: 3
  china: 2
  nuclear: 2
  diplomacy: 2
  democracy: 2
  regional: 2
  preemption: 2
  new: 1
  central: 1
  asia: 1
  fen: 1
  RMB: 1
  sword: 1
  banks: 1
  distressed: 1
  loans: 1
  development: 1
  chinese: 1
  markets: 1
  asset-backed: 1
  securities: 1
  north: 1
  korean: 1
  threat: 1
  u.s.-japan: 1
  alliance: 1
  perceived: 1
  interests: 1
  prospects: 1
  latin: 1
  american: 1
  opportunity: 1
  world: 1
  energy: 1
  woes: 1
  misunderstanding: 1
  venezuela: 1
  times: 1
  revolution: 1
  role: 1
  courts: 1
  war: 1
  terrorism: 1
  preliminary: 1
  assessment: 1
  post-conflict: 1
  intervention: 1
  revisited: 1
  relief: 1
  reconstruction: 1
  rehabilitation: 1
  reform: 1
  aiding: 1
  rule: 1
  law: 1
  abroad: 1
  kyrgyz: 1
  republic: 1
  case study: 1
  rites: 1
  rights: 1
  afghanistan: 1
  hazara: 1
  constitution: 1
  defending: 1
  microfinance: 1
  future: 1
  man: 1
  moscow: 1
  putting: 1
  first: 1
  russia: 1
  modernization: 1
  russian: 1
  iran: 1
  bomb: 1
  crisis: 1
  deferred: 1
  transatlantic: 1
  cooperation: 1
  libya: 1
  diplomatic: 1
  transformation: 1
  morocco: 1
  possibility: 1
  reconciliation: 1
  solutions: 1
  problems: 1
  elusive: 1
  search: 1
  african: 1
  great: 1
  lakes: 1
  stabilization: 1
  operations: 1
  nation-building: 1
  lessons: 1
  united nations: 1
  peacekeeping: 1
  congo: 1
  rough: 1
  contours: 1
  land: 1
  zimbabwe: 1
  africa: 1
  shifting: 1
  global: 1
  power: 1
  relationships: 1
  mythical: 1
  kingdom: 1
  north korea: 1
  geopolitical: 1
  geo-economic: 1
  overview: 1
  rise: 1
  india: 1
  asian: 1
  giants: 1
  version: 1
  foreign: 1
  policy: 1
  second: 1
  term: 1
  speaker: 1
  preemptive: 1
  use: 1
  force: 1
  reassessment: 1
  element: 1
  president: 1
  larger: 1
  national: 1
  strategy: 1
  legal: 1
  framework: 1
  strategic: 1
  environment: 1
  politics: 1
  military: 1
  operational: 1
  aspects: 1

=== 2006 ===
  new: 4
  future: 3
  agenda: 3
  weapons: 3
  mass: 3
  destruction: 3
  sudan: 2
  justice: 2
  katrina: 2
  challenges: 2
  response: 2
  offer: 2
  world: 2
  non-proliferation: 2
  stop: 2
  proliferation: 2
  security: 2
  addressing: 2
  foreword: 1
  darfur: 1
  problem: 1
  uneven: 1
  regional: 1
  development: 1
  northern: 1
  remember: 1
  UNMOVIC: 1
  state-building: 1
  twenty-first century: 1
  dayton: 1
  brussels: 1
  constitutional: 1
  governmental: 1
  reform: 1
  process: 1
  bosnia: 1
  herzegovina: 1
  peace: 1
  follow: 1
  vice: 1
  versa: 1
  plans: 1
  postconflict: 1
  burundi: 1
  transparency: 1
  possibilities: 1
  limitations: 1
  preventing: 1
  torture: 1
  realities: 1
  perceptions: 1
  pakistan: 1
  lens: 1
  triple: 1
  theory: 1
  issues: 1
  problems: 1
  prospects: 1
  managing: 1
  diplomatic: 1
  services: 1
  small: 1
  states: 1
  earthquakes: 1
  diplomacy: 1
  thinking: 1
  foreign: 1
  policy: 1
  core: 1
  disaster: 1
  debacle: 1
  hurricane: 1
  human rights: 1
  letters: 1
  editor: 1
  cause: 1
  strife: 1
  u.s.-rok: 1
  alliance: 1
  right: 1
  rise: 1
  people: 1
  power: 1
  virtues: 1
  civil: 1
  disruption: 1
  reflections: 1
  revolution: 1
  kyrgyzstan: 1
  fighting: 1
  statehood: 1
  role: 1
  civilian-based: 1
  resistance: 1
  east: 1
  timorese: 1
  palestinian: 1
  kosovo: 1
  albanian: 1
  self-determination: 1
  movements: 1
  whoops: 1
  committed: 1
  genocide: 1
  anomaly: 1
  constructive: 1
  liability: 1
  serious: 1
  international: 1
  crimes: 1
  legacy: 1
  special: 1
  court: 1
  sierra: 1
  leone: 1
  captive: 1
  failed: 1
  state: 1
  argentina: 1
  systemic: 1
  populism: 1
  high-tech: 1
  terror: 1
  al-qaeda: 1
  use: 1
  technology: 1
  constitutionalism: 1
  politics: 1
  democracy: 1
  hong kong: 1
  europe: 1
  something: 1
  fall: 1
  diplomat: 1
  perspective: 1
  divorcing: 1
  serbia: 1
  western: 1
  balkans: 1
  germany: 1
  integration: 1
  challenge: 1
  conference: 1
  introduction: 1
  applying: 1
  administration: 1
  strategy: 1
  combat: 1
  today: 1
  search: 1
  truth: 1
  fuel: 1
  cycle: 1
  want: 1
  get: 1
  NPT: 1
  withdrawal: 1
  disarmament: 1
  nuclear: 1
  treaty: 1
  initiative: 1
  partnering: 1
  trafficking: 1
  age: 1
  anxiety: 1
  verification: 1
  global: 1
  partnership: 1
  threats: 1
  old: 1
  approaches: 1
  threat: 1
  WMD: 1

=== 2007 ===
  policy: 4
  new: 4
  migration: 3
  past: 2
  highlights: 2
  security: 2
  US: 2
  view: 2
  state: 2
  american: 2
  foreign: 2
  middle east: 2
  power: 2
  south africa: 2
  africa: 2
  energy: 2
  battle: 2
  iceland: 1
  dilemma: 1
  end: 1
  military: 1
  presence: 1
  vindicating: 1
  rule: 1
  law: 1
  legacy: 1
  inside: 1
  department: 1
  struggle: 1
  assessing: 1
  twenty-five: 1
  years: 1
  HIV: 1
  AIDS: 1
  challenges: 1
  chasing: 1
  east: 1
  asia: 1
  sun: 1
  transformation: 1
  u.s.-japan: 1
  alliance: 1
  shanghai: 1
  cooperation: 1
  organization: 1
  vision: 1
  central: 1
  asian: 1
  realities: 1
  malaysian: 1
  turns: 1
  nation: 1
  rise: 1
  india: 1
  india-pakistan: 1
  conflict: 1
  story: 1
  muslim: 1
  immigrants: 1
  european: 1
  citizens: 1
  heart: 1
  citizenship: 1
  pluralism: 1
  role: 1
  government: 1
  world: 1
  global: 1
  race: 1
  class: 1
  emergence: 1
  immigrant: 1
  rights: 1
  movements: 1
  united states: 1
  redefining: 1
  persian gulf: 1
  letters: 1
  editor: 1
  iran: 1
  claimant: 1
  regional: 1
  human rights: 1
  monitoring: 1
  halt: 1
  abuses: 1
  sri lanka: 1
  NATO: 1
  21st century: 1
  strategic: 1
  concept: 1
  illicit: 1
  drugs: 1
  americas: 1
  avoiding: 1
  pax: 1
  mafiosa: 1
  china: 1
  taiwan: 1
  latin america: 1
  EU: 1
  impact: 1
  environmental: 1
  regulation: 1
  hizbollah: 1
  today: 1
  beirut: 1
  zimbabwe: 1
  meltdown: 1
  anatomy: 1
  peacetime: 1
  economic: 1
  collapse: 1
  troubled: 1
  leadership: 1
  europe: 1
  creating: 1
  change: 1

=== 2008 ===
  diplomacy: 7
  public: 6
  policy: 5
  US: 4
  global: 2
  crisis: 2
  legacy: 2
  challenges: 2
  gap: 2
  world: 2
  opportunities: 2
  international: 2
  democracy: 2
  globalization: 2
  foreign: 2
  people: 2
  credible: 2
  caution: 1
  nation-builders: 1
  gender: 1
  assumptions: 1
  ahead: 1
  oceans: 1
  manifesto: 1
  present: 1
  belligerent: 1
  islamic: 1
  fundamentalism: 1
  european: 1
  fascism: 1
  eurasia: 1
  geopolitics: 1
  gas: 1
  food: 1
  sovereignty: 1
  challenging: 1
  authoritarian: 1
  state: 1
  buddhist: 1
  monks: 1
  peaceful: 1
  protests: 1
  burma: 1
  uses: 1
  peacekeeping: 1
  united nations: 1
  stabilization: 1
  mission: 1
  haiti: 1
  humanitarian: 1
  management: 1
  leadership: 1
  closing: 1
  consumer: 1
  globalized: 1
  ground: 1
  wheels: 1
  political: 1
  threats: 1
  overseas: 1
  scholars: 1
  privatization: 1
  islamism: 1
  west: 1
  africa: 1
  internal: 1
  dynamics: 1
  responses: 1
  iran: 1
  missed: 1
  paths: 1
  forward: 1
  sport: 1
  vehicle: 1
  peace: 1
  smart: 1
  mob: 1
  promise: 1
  limitations: 1
  internet: 1
  dumbwaiters: 1
  security: 1
  philanthropy: 1
  enduring: 1
  challenge: 1
  reconciliation: 1
  sierra: 1
  leone: 1
  local: 1
  processes: 1
  yield: 1
  lessons: 1
  constitution: 1
  president: 1
  congress: 1
  truth: 1
  persuasion: 1
  crossroads: 1
  definitions: 1
  open: 1
  source: 1
  era: 1
  nation: 1
  branding: 1
  practice: 1
  perpetual: 1
  critics: 1
  reluctant: 1
  shepherd: 1
  broadcasting: 1
  matching: 1
  goals: 1
  messages: 1
  elements: 1
  cultural: 1
  landmarks: 1
  new york: 1
  tokyo: 1
  real: 1
  broadcast: 1
  news: 1
  revolution: 1
  informational: 1
  affairs: 1
  winning: 1
  war: 1
  ideas: 1
  perspectives: 1
  vietnam: 1
  iraq: 1

=== 2009 ===
  future: 3
  nuclear: 3
  strategic: 2
  risk: 2
  US: 2
  law: 2
  global: 2
  21st century: 2
  new: 2
  security: 2
  great: 2
  terrorism: 2
  past: 1
  highlights: 1
  approach: 1
  management: 1
  challenging: 1
  planning: 1
  china: 1
  trade: 1
  conflicts: 1
  WTO: 1
  rule: 1
  temptations: 1
  imperatives: 1
  syrian-israeli: 1
  peace: 1
  NATO: 1
  facing: 1
  afghan: 1
  challenge: 1
  russian: 1
  resurgence: 1
  leadership: 1
  strategy: 1
  american: 1
  president: 1
  issues: 1
  military: 1
  still: 1
  relevant: 1
  pirates: 1
  remain: 1
  problem: 1
  negotiations: 1
  united states: 1
  north korea: 1
  cuba: 1
  brave: 1
  world: 1
  art: 1
  negotiation: 1
  islamists: 1
  politics: 1
  democracy: 1
  development: 1
  second: 1
  elections: 1
  iraq: 1
  afghanistan: 1
  europe: 1
  deciphered: 1
  ideas: 1
  institutions: 1
  laws: 1
  getting: 1
  elephants: 1
  dance: 1
  conversation: 1
  national: 1
  enemy: 1
  combatants: 1
  guantanamo: 1
  bay: 1
  securing: 1
  stockpiles: 1
  first: 1
  line: 1
  defense: 1
  preventing: 1
  moral: 1
  capitalism: 1
  financial: 1
  meltdown: 1
  protecting: 1
  latin america: 1
  current: 1
  financial crisis: 1
  disaster: 1
  reduction: 1
  responsible: 1
  reassessing: 1
  traditional: 1
  skill-transfer: 1
  paradigm: 1
  example: 1
  rwanda: 1

=== 2010 ===
  US: 4
  policy: 3
  afghanistan: 2
  ending: 2
  iraq: 2
  new: 2
  counterinsurgency: 2
  global: 2
  climate: 2
  comment: 1
  critical: 1
  issues: 1
  foreign: 1
  iran: 1
  pakistan: 1
  sexual: 1
  violence: 1
  democratic: 1
  republic: 1
  congo: 1
  traversing: 1
  persian: 1
  gauntlet: 1
  naval: 1
  projection: 1
  strait: 1
  hormuz: 1
  northern: 1
  mind: 1
  american: 1
  diplomacy: 1
  kurdish: 1
  issue: 1
  view: 1
  baghdad: 1
  close: 1
  premiership: 1
  reflections: 1
  africa: 1
  failure: 1
  justice: 1
  reform: 1
  implications: 1
  peace: 1
  stability: 1
  tracking: 1
  narco-terrorist: 1
  networks: 1
  money: 1
  trail: 1
  himalayan: 1
  game: 1
  leadership: 1
  war: 1
  golden: 1
  moment: 1
  applying: 1
  hard: 1
  lessons: 1
  strengthen: 1
  approach: 1
  stabilization: 1
  reconstruction: 1
  operations: 1
  hamas: 1
  fatah: 1
  conflict: 1
  shallow: 1
  wide: 1
  bioterror: 1
  pipeline: 1
  big: 1
  pharma: 1
  patent: 1
  expirations: 1
  challenges: 1
  security: 1
  reaping: 1
  whirlwind: 1
  pakistani: 1
  campaigns: 1
  exploitation: 1
  migrant: 1
  workers: 1
  gulf: 1
  yemen: 1
  united states: 1
  conflicting: 1
  priorities: 1
  tackle: 1
  co2: 1
  start: 1
  h2o: 1
  latin america: 1
  water: 1
  problems: 1
  could: 1
  affect: 1
  change: 1
  negotiations: 1
  burden: 1
  engine: 1
  growth: 1
  reframing: 1
  copenhagen: 1

=== 2011 ===
  state: 3
  US: 2
  system: 2
  strategy: 2
  moving: 1
  mirages: 1
  new: 1
  paradigm: 1
  foreign: 1
  intervention: 1
  south: 1
  caucasus: 1
  strengthening: 1
  statecraft: 1
  public: 1
  diplomacy: 1
  india: 1
  approach: 1
  great-power: 1
  status: 1
  millennium: 1
  development: 1
  goals: 1
  fragile: 1
  states: 1
  focusing: 1
  really: 1
  matters: 1
  education: 1
  poverty: 1
  rebuilding: 1
  haiti: 1
  school: 1
  total: 1
  collapse: 1
  global: 1
  financial: 1
  challenges: 1
  ahead: 1
  venezuela: 1
  legislative: 1
  elections: 1
  arm: 1
  wrestling: 1
  profiling: 1
  resilience: 1
  capturing: 1
  complex: 1
  realities: 1
  world: 1
  unplugging: 1
  nation: 1
  media: 1
  egypt: 1
  january: 1
  uprising: 1
  principals: 1
  agents: 1
  syria: 1
  dilemma: 1
  armed: 1
  group: 1
  allies: 1
  stuck: 1
  roundabout: 1
  perils: 1
  american: 1
  policy: 1
  israeli-palestinian: 1
  conflict: 1
  sports: 1
  powerful: 1
  advance: 1
  women: 1
  rights: 1
  china: 1
  africa: 1
  symbiosis: 1
  exploitation: 1
  passed: 1
  aid: 1
  deportation: 1
  integrity: 1
  rule: 1
  law: 1
  policymakers: 1
  confused: 1
  victory: 1
  oceanic: 1
  revolution: 1
  pacific: 1
  asia: 1
  somalia: 1

=== 2012 ===
  global: 3
  security: 3
  conflict: 2
  united states: 2
  new: 2
  national: 2
  politics: 2
  asia: 2
  human rights: 2
  corruption: 2
  crisis: 2
  business: 2
  sustainable: 2
  protecting: 1
  children: 1
  armed: 1
  need: 1
  revitalized: 1
  mass: 1
  atrocities: 1
  end: 1
  evidence-based: 1
  counter-narrative: 1
  terrorism: 1
  darwinism: 1
  american: 1
  policy: 1
  migrants: 1
  remittances: 1
  loyalty: 1
  voice: 1
  exit: 1
  budget: 1
  US: 1
  embargo: 1
  cuba: 1
  diplomatic: 1
  challenges: 1
  extraterritoriality: 1
  kazakhstan: 1
  central: 1
  ensuring: 1
  regional: 1
  stability: 1
  eurasian: 1
  balkans: 1
  southwest: 1
  discussion: 1
  ambassador: 1
  empowering: 1
  saudi: 1
  social: 1
  development: 1
  sector: 1
  city: 1
  system: 1
  future: 1
  urban: 1
  resilience: 1
  advancing: 1
  prospect: 1
  democracy: 1
  north korea: 1
  managing: 1
  public: 1
  perceptions: 1
  wealth: 1
  brazil: 1
  alternating: 1
  demonstrations: 1
  political: 1
  protest: 1
  government: 1
  response: 1
  angola: 1
  another: 1
  sudan: 1
  khartoum: 1
  religious: 1
  freedom: 1
  abuses: 1
  democratizing: 1
  fight: 1
  impact: 1
  dodd-frank: 1
  whistleblower: 1
  bounty: 1
  FCPA: 1
  case: 1
  finance: 1
  public relations: 1
  ethics: 1
  philanthropy: 1
  learning: 1
  principles: 1
  engagement: 1
  ennahda: 1
  split: 1
  personality: 1
  identity: 1
  crises: 1
  tunisian: 1
  west: 1
  point: 1
  harvard: 1
  veteran: 1
  job: 1

=== 2013 ===
  international: 6
  treaty: 3
  diplomacy: 3
  security: 3
  policy: 3
  state: 3
  education: 3
  conflict: 3
  american: 2
  power: 2
  violations: 2
  united states: 2
  alliance: 2
  challenges: 2
  iran: 2
  climate: 2
  change: 2
  second: 2
  middle east: 2
  lessons: 2
  crisis: 2
  critical: 2
  islamic: 2
  humanitarian: 2
  law: 2
  world: 2
  importance: 2
  intellect: 1
  decent: 1
  purpose: 1
  devolution: 1
  religious: 1
  constitutionalism: 1
  egypt: 1
  case study: 1
  indisputable: 1
  happens: 1
  unambiguously: 1
  breaches: 1
  management: 1
  partisanship: 1
  emerging: 1
  arms: 1
  control: 1
  engagement: 1
  sequel: 1
  system: 1
  address: 1
  term: 1
  words: 1
  become: 1
  actions: 1
  balance: 1
  advancing: 1
  us-asean relations: 1
  administration: 1
  statecraft: 1
  action: 1
  hybridity: 1
  institutionalism: 1
  local: 1
  perspective: 1
  somalia: 1
  country: 1
  anyway: 1
  addressing: 1
  perception: 1
  delivery: 1
  UNESCO: 1
  tool: 1
  twenty-first century: 1
  introducing: 1
  liberal: 1
  arts: 1
  women: 1
  energy: 1
  nexus: 1
  republic: 1
  mali: 1
  insecurity: 1
  south: 1
  sudan: 1
  explaining: 1
  great: 1
  ear: 1
  africa: 1
  congo: 1
  became: 1
  continental: 1
  america: 1
  first: 1
  war: 1
  syrian: 1
  strategy: 1
  post-cold war: 1
  era: 1
  impact: 1
  unipolarity: 1
  transitioning: 1
  fragile: 1
  states: 1
  sequencing: 1
  approach: 1
  doctrines: 1
  equivalence: 1
  comparison: 1
  instrumentalization: 1
  purposes: 1
  targeting: 1
  art: 1
  advocacy: 1
  save: 1
  norway: 1
  need: 1
  novel: 1
  understanding: 1
  politics: 1
  literature: 1
  reflections: 1
  years: 1
  burma: 1
  challenge: 1
  diaspora: 1
  investors: 1
  development: 1
  imperative: 1
  preventing: 1
  deadly: 1
  pursuit: 1
  thorough: 1
  nuanced: 1
  gender: 1
  social: 1
  analysis: 1
  perspectives: 1
  north: 1
  atlantic: 1
  organization: 1
  guantanamo: 1
  bay: 1
  naval: 1
  base: 1
  cuba: 1
  dealing: 1
  historic: 1
  anomaly: 1
  reinventing: 1
  peace: 1
  foundation: 1
  studies: 1
  looking: 1
  back: 1
  moving: 1
  ahead: 1
  sovereignty: 1
  democracy: 1
  changing: 1
  character: 1
  representation: 1
  self: 1
  terracentric: 1
  maritime: 1
  ruminations: 1
  syria: 1
  rethinking: 1
  puerto: 1
  rican: 1
  commonwealth: 1
  model: 1
  lens: 1
  internationalization: 1
  multinational: 1
  NATO: 1
  operations: 1
  responsible: 1

=== 2014 ===
  women: 6
  security: 5
  US: 2
  afghanistan: 2
  development: 2
  peace: 2
  conflict: 2
  people: 2
  children: 2
  child: 2
  gender: 2
  lead: 2
  working: 2
  rare: 1
  earth: 1
  elements: 1
  china: 1
  monopoly: 1
  implications: 1
  national: 1
  pakistan: 1
  insider: 1
  threat: 1
  end: 1
  social: 1
  media: 1
  revolutions: 1
  partisans: 1
  profiteers: 1
  criminals: 1
  syria: 1
  illicit: 1
  economy: 1
  determining: 1
  progress: 1
  prevail: 1
  role: 1
  defining: 1
  future: 1
  public: 1
  diplomacy: 1
  hard: 1
  power: 1
  challenges: 1
  facing: 1
  NATO: 1
  bridging: 1
  divide: 1
  USAID: 1
  DOD: 1
  integrate: 1
  effectively: 1
  africa: 1
  processes: 1
  religious: 1
  diversity: 1
  violent: 1
  lessons: 1
  nigeria: 1
  amnesty: 1
  evolving: 1
  21st century: 1
  constrains: 1
  international law: 1
  identifying: 1
  responsibility: 1
  protect: 1
  new: 1
  communication: 1
  leveraging: 1
  community relations: 1
  transition: 1
  wars: 1
  preface: 1
  teach: 1
  well: 1
  annual: 1
  academic: 1
  convocation: 1
  school: 1
  reflections: 1
  six-year: 1
  tenure: 1
  UN: 1
  special: 1
  rapporteur: 1
  sale: 1
  prostitution: 1
  pornography: 1
  fighting: 1
  equality: 1
  sector: 1
  actors: 1
  must: 1
  combat: 1
  sexual: 1
  gender-based: 1
  violence: 1
  negotiating: 1
  great: 1
  game: 1
  ending: 1
  intervention: 1
  rule: 1
  law: 1
  view: 1
  americas: 1
  mexican: 1
  cartels: 1
  changing: 1
  face: 1
  immigration: 1
  let: 1
  empowering: 1
  courage: 1
  international: 1
  missions: 1
  persistent: 1
  inequality: 1
  world: 1
  work: 1
  analyzing: 1
  empowerment: 1
  microfinance: 1
  garment: 1
  labor: 1
  bangladesh: 1
  energy: 1
  efficiency: 1
  conditions: 1
  vietnamese: 1
  apparel: 1
  factories: 1
  essential: 1
  component: 1
  global: 1
  food: 1
  agricultural: 1

=== 2015 ===
  climate: 10
  change: 5
  world: 4
  future: 3
  paris: 3
  control: 2
  ebola: 2
  war: 2
  global: 2
  leadership: 2
  international: 2
  road: 2
  business: 2
  accord: 2
  roadmap: 2
  big: 2
  leave: 1
  man: 1
  behind: 1
  united states: 1
  israel: 1
  face: 1
  risks: 1
  prisoner: 1
  release: 1
  policies: 1
  islam: 1
  democracy: 1
  deterring: 1
  conflict: 1
  china: 1
  comparison: 1
  air-sea: 1
  battle: 1
  concept: 1
  offshore: 1
  deterrence: 1
  denial: 1
  virus: 1
  threat: 1
  bioterrorism: 1
  india: 1
  looks: 1
  back: 1
  first: 1
  opportunities: 1
  turbulent: 1
  next: 1
  years: 1
  health: 1
  ceding: 1
  american: 1
  space: 1
  diplomacy: 1
  open-source: 1
  alternative: 1
  education: 1
  twenty-first century: 1
  perspective: 1
  maritime: 1
  arctic: 1
  economic: 1
  humanitarian: 1
  imperatives: 1
  hastening: 1
  medical: 1
  aging: 1
  safer: 1
  humane: 1
  conversations: 1
  leaders: 1
  justice: 1
  human rights: 1
  negotiating: 1
  advancing: 1
  low-carbon: 1
  resilient: 1
  economies: 1
  macroeconomics: 1
  age: 1
  path: 1
  sustainable: 1
  timeline: 1
  treaties: 1
  vision: 1
  hubris: 1
  realism: 1
  data: 1
  decisions: 1
  growing: 1
  need: 1
  acting: 1
  certainty: 1
  uncertain: 1
  times: 1
  oceans: 1
  seafood: 1
  view: 1
  largest: 1
  food: 1
  fishery: 1
  political: 1
  capture: 1
  petrobras: 1
  corruption: 1
  scandal: 1
  sad: 1
  tale: 1
  oil: 1
  giant: 1
  fighting: 1
  water: 1
  wars: 1
  regional: 1
  environmental: 1
  cooperation: 1
  peace: 1
  inflection: 1
  point: 1
  committing: 1
  energy: 1
  transition: 1
  spheres: 1
  influence: 1
  reconceptualization: 1
  on-again: 1
  off-again: 1
  state-building: 1
  cycles: 1
  iraq: 1
  excess: 1
  maternal: 1
  death: 1
  time: 1

=== 2016 ===
  international law: 3
  international: 3
  diplomacy: 2
  greece: 2
  law: 2
  feminist: 2
  implications: 2
  policy: 2
  european union: 2
  trade: 2
  investment: 2
  africa: 2
  cooperation: 2
  emerging: 1
  kurdistan: 1
  survival: 1
  iraqi: 1
  state: 1
  making: 1
  unmaking: 1
  nations: 1
  cuba: 1
  reform: 1
  revitalization: 1
  puerto rico: 1
  caribbean: 1
  crisis: 1
  colonialism: 1
  globalization: 1
  cleaved: 1
  exploring: 1
  dynamic: 1
  relationship: 1
  climate: 1
  change: 1
  health: 1
  contributions: 1
  united nations: 1
  development: 1
  big: 1
  fail: 1
  rescuing: 1
  african elephant: 1
  crossing: 1
  borders: 1
  history: 1
  women: 1
  cross: 1
  DMZ: 1
  taiwanese: 1
  US: 1
  foreign: 1
  moment: 1
  economic: 1
  justice: 1
  inclusion: 1
  economics: 1
  analysis: 1
  global: 1
  economy: 1
  challenge: 1
  awaits: 1
  prospects: 1
  transatlantic: 1
  partnership: 1
  value: 1
  creation: 1
  role: 1
  private: 1
  dialogue: 1
  stability: 1
  cybersecurity: 1
  cross-sector: 1
  coordination: 1
  building: 1
  comprehensive: 1
  strategy: 1
  cyber: 1
  defense: 1
  deterrence: 1
  resilience: 1
  rebuilding: 1
  iraq: 1
  mediate: 1
  enduring: 1
  peace: 1
  nagorno-karabakh: 1
  irredentist: 1
  secession: 1
  R2P: 1
  thin: 1
  cosmopolitan: 1
  imagination: 1
  extraterrestrial: 1
  extraction: 1
  space: 1
  resource: 1
  exploration: 1
  utilization: 1
  act: 1
  eu-un: 1
  failures: 1
  european: 1
  crises: 1
  make: 1
  stronger: 1
  democracy: 1
  discontents: 1

=== 2017 ===
  global: 5
  foreign: 3
  policy: 3
  leadership: 3
  side: 2
  US: 2
  climate: 2
  carbon: 2
  prospects: 2
  peace: 2
  security: 2
  challenges: 2
  partnerships: 2
  africa: 2
  leader: 2
  world: 2
  darker: 1
  collaborations: 1
  common: 1
  mistakes: 1
  european union: 1
  economy: 1
  resurgence: 1
  economic: 1
  nationalism: 1
  greek: 1
  debt: 1
  crisis: 1
  administration: 1
  evolution: 1
  transatlantic: 1
  relationship: 1
  communication: 1
  guardians: 1
  connectivity: 1
  strategy: 1
  opportunity: 1
  future: 1
  paris: 1
  agreement: 1
  pricing: 1
  pathway: 1
  sustainability: 1
  power: 1
  asian: 1
  century: 1
  stability: 1
  women: 1
  agenda: 1
  integrating: 1
  gendered: 1
  perspective: 1
  operations: 1
  addressing: 1
  health: 1
  creative: 1
  bringing: 1
  fortune: 1
  500s: 1
  andela: 1
  model: 1
  progress: 1
  corps: 1
  looking: 1
  upstream: 1
  taking: 1
  hybrid: 1
  approach: 1
  prevent: 1
  violent: 1
  extremism: 1
  sustainable: 1
  links: 1
  asia: 1
  markets: 1
  shaping: 1
  arctic: 1
  sami: 1
  people: 1
  parliament: 1
  mitigating: 1
  risk: 1
  trade: 1
  era: 1
  populism: 1
  angry: 1
  populist: 1
  real: 1
  change: 1
  hot: 1
  air: 1
  international: 1
  anarchy: 1
  cooperation: 1
  joint: 1
  action: 1
  decline: 1
  american: 1
  years: 1
  immigration: 1
  agenda-setting: 1
  election: 1
  treaty: 1
  behavior: 1
  intervention: 1
  attending: 1
  davos: 1
  dealing: 1
  averting: 1
  moral: 1
  free-for-all: 1
  autonomous: 1
  weapons: 1
  role: 1
  internet: 1
  governance: 1
  electoral: 1
  reforms: 1
  afghanistan: 1
  key: 1
  issues: 1
  exposing: 1
  underbelly: 1
  supply: 1
  chains: 1
  leading: 1
  feminist: 1
  comes: 1
  next: 1
  bookshelf: 1

=== 2018 ===
  nuclear: 3
  narratives: 2
  international: 2
  american: 2
  era: 2
  states: 2
  economists: 1
  agree: 1
  many: 1
  others: 1
  dueling: 1
  trade: 1
  exceptionalism: 1
  populist: 1
  wave: 1
  rebalancing: 1
  values: 1
  democracy: 1
  capitalism: 1
  range: 1
  terrorists: 1
  strategic: 1
  communications: 1
  canary: 1
  mine: 1
  small: 1
  nations: 1
  matter: 1
  romanian: 1
  case: 1
  diagnosing: 1
  fault: 1
  lines: 1
  globalization: 1
  post-truth: 1
  rise: 1
  nation-centered: 1
  system: 1
  muddling: 1
  long: 1
  decline: 1
  security: 1
  cooperation: 1
  mainstreaming: 1
  sustainable: 1
  finance: 1
  market-friendly: 1
  solutions: 1
  climate: 1
  change: 1
  brink: 1
  renaissance: 1
  worlds: 1
  fated: 1
  fail: 1
  four: 1
  roadblocks: 1
  improved: 1
  u.s.-russia relations: 1
  reading: 1
  russia: 1
  right: 1
  countries: 1
  peoples: 1
  comparative: 1
  look: 1
  bicameralism: 1
  african: 1
  federal: 1
  contending: 1
  geopolitical: 1
  global: 1
  tectonic: 1
  shifts: 1
  shift: 1
  NATO: 1
  article: 1
  cyber: 1

=== 2019 ===
  future: 4
  challenges: 3
  US: 3
  world: 2
  war: 2
  diplomacy: 2
  democracy: 2
  national: 2
  security: 2
  policy: 2
  grassroots: 2
  pro-black: 2
  IR: 1
  theory: 1
  twentieth-century: 1
  lessons: 1
  diplomatic: 1
  craft: 1
  contemporary: 1
  mexico: 1
  years: 1
  information: 1
  competition: 1
  key: 1
  questions: 1
  synthetic: 1
  biology: 1
  ordeal: 1
  opportunity: 1
  ending: 1
  first: 1
  africa: 1
  trials: 1
  tribulations: 1
  middle east: 1
  making: 1
  turkey: 1
  great: 1
  NATO: 1
  age: 1
  controversy: 1
  consistency: 1
  soft: 1
  power: 1
  global: 1
  ambition: 1
  case: 1
  china: 1
  growing: 1
  reach: 1
  europe: 1
  armed: 1
  unarmed: 1
  non-violent: 1
  sudanese: 1
  resistance: 1
  sudan: 1
  revolutionary: 1
  uprising: 1
  armenia: 1
  second: 1
  velvet: 1
  revolution: 1
  regaining: 1
  sovereignty: 1
  societal: 1
  change: 1
  displaced: 1
  disempowered: 1
  bhutanese: 1
  refugees: 1
  activism: 1
  survive: 1
  russian: 1
  opposition: 1
  politics: 1
  protecting: 1
  journalism: 1
  fake: 1
  news: 1
  era: 1
  ngoization: 1
  mobilization: 1
  rio: 1
  janeiro: 1
  investigation: 1
  agency: 1
  activists: 1
  brasil: 1
  participation: 1
  defense: 1
  dictatorship: 1
  venezuela: 1
  communal: 1
  councils: 1
  participatory: 1
  latin america: 1
  reflections: 1
  foreign: 1
  dynamics: 1
  local: 1
  conflict: 1
  democratic: 1
  republic: 1
  congo: 1
  ahead: 1
  president: 1
  fighting: 1
  influence: 1
  open: 1
  societies: 1
  role: 1
  resilience: 1
  transparency: 1
  leadership: 1
  time: 1
  rapidly: 1
  changing: 1

=== 2020 ===
  rule: 5
  law: 5
  great: 4
  power: 4
  peace: 3
  competition: 3
  global: 2
  US: 2
  politics: 2
  democracy: 2
  disinformation: 2
  america: 2
  place: 2
  world order: 2
  future: 2
  new: 2
  siege: 1
  foreword: 1
  reinvigorating: 1
  governance: 1
  security: 1
  shift: 1
  historical: 1
  understanding: 1
  armed: 1
  attack: 1
  applicability: 1
  cyberspace: 1
  teaching: 1
  mass: 1
  atrocity: 1
  precursor: 1
  recognition: 1
  early: 1
  warning: 1
  skills: 1
  officials: 1
  turkey: 1
  leaders: 1
  dismantled: 1
  discrimination: 1
  women: 1
  culture: 1
  colombia: 1
  agreement: 1
  myanmar: 1
  imperfect: 1
  inheritance: 1
  israel: 1
  greater: 1
  middle east: 1
  decades: 1
  later: 1
  reflection: 1
  transatlantic: 1
  fall: 1
  berlin wall: 1
  deconstructing: 1
  threat: 1
  twenty-first century: 1
  united states: 1
  means: 1
  world: 1
  COVID: 1
  information: 1
  warfare: 1
  dangerous: 1
  appeal: 1
  tactic: 1
  continues: 1
  shape: 1
  trojan: 1
  dragon: 1
  comes: 1
  balkans: 1
  latin america: 1
  normal: 1
  u.s.-russia relations: 1
  21st century: 1
  nebulous: 1
  construct: 1
  great-power: 1
  may: 1
  offer: 1
  sound: 1
  guidance: 1
  foreign: 1
  policy: 1

=== 2021 ===
  foreign: 3
  technology: 2
  global: 2
  inequality: 2
  soft: 2
  power: 2
  policy: 2
  path: 1
  collaborative: 1
  world order: 1
  let: 1
  eat: 1
  smartphones: 1
  reflections: 1
  wealth-information: 1
  paradox: 1
  automation: 1
  acceleration: 1
  india: 1
  progress: 1
  addressing: 1
  elusive: 1
  encouraging: 1
  role: 1
  direct: 1
  investment: 1
  hard: 1
  truths: 1
  diversity: 1
  inclusion: 1
  state: 1
  time: 1
  act: 1
  critical: 1
  thinking: 1
  framework: 1
  tackling: 1
  policies: 1
  agenda: 1
  catalyst: 1
  enhancement: 1
  peace: 1
  development: 1
  nexus: 1
  united nations: 1
  democracy: 1
  peril: 1
  americas: 1
  demise: 1
  tobar: 1
  resurrection: 1
  estrada: 1
  underestimated: 1
  strategy: 1
  influence: 1
  maritime: 1
  dispute: 1
  mediterranean: 1
  assessing: 1
  greece-turkey: 1
  relationship: 1
  lens: 1
  neorealism: 1
  drifting: 1
  digital: 1
  covid-19: 1
  sanctions: 1
  event: 1
  analysis: 1
  technological: 1
  testing: 1
  grounds: 1
  surveillance: 1
  sandboxes: 1
  migration: 1
  border: 1
  frontiers: 1
  decolonizing: 1
  international relations: 1
  conference: 1
  decolonization: 1
  ground: 1

=== 2022 ===
  wars: 3
  power: 2
  UN: 2
  international law: 2
  armed: 2
  IHL: 2
  conflict: 2
  deterring: 1
  dissuading: 1
  NPT: 1
  withdrawal: 1
  lessons: 1
  like-minded: 1
  urban: 1
  consumers: 1
  natural resources: 1
  ontology: 1
  disconnection: 1
  universality: 1
  restored: 1
  language: 1
  identity: 1
  international: 1
  assistance: 1
  missions: 1
  trends: 1
  digital: 1
  transformation: 1
  based: 1
  EU: 1
  NATO: 1
  experiences: 1
  channeling: 1
  prosperity: 1
  nexus: 1
  monetary: 1
  policy: 1
  income: 1
  inequality: 1
  democracy: 1
  rule: 1
  law: 1
  afghanistan: 1
  cautionary: 1
  tale: 1
  re-examining: 1
  third world: 1
  approaches: 1
  decolonizing: 1
  TWAIL: 1
  addressing: 1
  modern-day: 1
  conflicts: 1
  still: 1
  task: 1
  ban: 1
  comparing: 1
  ability: 1
  autonomous weapon systems: 1
  human: 1
  soldiers: 1
  comply: 1
  debating: 1
  drones: 1
  global: 1
  information: 1
  age: 1
  humanitarian: 1
  action: 1
  urbanized: 1
  protracted: 1
  fragmented: 1
  resource: 1
  resources: 1
  women: 1
  farmers: 1
  food: 1
  sovereignty: 1
  war: 1
  peace: 1
  situation: 1
  case: 1
  sudan: 1
  south: 1
  kordofan: 1
  examining: 1
  non-state: 1
  stakeholders: 1
  role: 1
  modern: 1
  nonviolent: 1
  assessing: 1
  military: 1
  coalition: 1
  afghan: 1
  experience: 1
  future: 1
  warfare: 1
  irregular: 1
  governing: 1
  u.s.-china: 1
  great: 1
  taiwan: 1
  peacekeeping: 1
  pertinent: 1
  today: 1
  reforming: 1
  tomorrow: 1
  decriminalizing: 1
  homosexuality: 1
  effects: 1
  botswana: 1
  court: 1
  verdict: 1
  regaining: 1
  technological: 1
  competitive: 1
  advantage: 1
  supporting: 1
  NFT: 1
  self-governance: 1

=== 2023 ===
  development: 6
  climate: 5
  sustainable: 2
  global: 2
  financial: 2
  inclusion: 2
  russia: 2
  reset: 2
  legislation: 2
  model: 2
  investment: 2
  india: 2
  digital: 2
  need: 1
  talk: 1
  methane: 1
  years: 1
  paris: 1
  developing: 1
  resilient: 1
  equitable: 1
  cold-chain: 1
  large-scale: 1
  infrastructure: 1
  initiatives: 1
  cement: 1
  steel: 1
  mean: 1
  decarbonization: 1
  initiative: 1
  transition: 1
  energy: 1
  partnership: 1
  south africa: 1
  vehicle: 1
  reform: 1
  economic: 1
  transformation: 1
  anthropocene: 1
  low-carbon: 1
  strategy: 1
  drive: 1
  policy: 1
  peacebuilding: 1
  major: 1
  power relations: 1
  philanthropy: 1
  unique: 1
  role: 1
  solving: 1
  crisis: 1
  right: 1
  healthy: 1
  environment: 1
  rights: 1
  future: 1
  generations: 1
  change: 1
  call: 1
  time: 1
  cultural: 1
  may: 1
  work: 1
  social: 1
  nudging: 1
  green: 1
  homes: 1
  road: 1
  ahead: 1
  transformational: 1
  new: 1
  african: 1
  agriculture: 1
  subscription: 1
  farming: 1
  uganda: 1
  innovating: 1
  strategic: 1
  national: 1
  palestine: 1
  fund: 1
  redefining: 1
  faith-consistent: 1
  investing: 1
  football: 1
  post-war: 1
  reconstruction: 1
  insight: 1
  aftermath: 1
  nigeria-biafra: 1
  war: 1
  impact: 1
  foreign: 1
  agents: 1
  civil: 1
  society: 1
  development-induced: 1
  displacement: 1
  search: 1
  alternatives: 1
  digitalization: 1
  eurasia: 1
  tool: 1
  regional: 1
  resilience: 1
  take: 1
  realize: 1
  promise: 1
  cashless: 1
  economy: 1
  unified: 1
  payments: 1
  interface: 1
  tryst: 1

=== 2024 ===
  arctic: 7
  elections: 4
  future: 3
  climate: 2
  challenges: 2
  guard: 2
  governance: 2
  US: 2
  conversation: 2
  africa: 2
  democracy: 2
  perspective: 2
  taiwan: 2
  election: 2
  mapping: 1
  path: 1
  forward: 1
  cooperation: 1
  russia: 1
  biodiversity: 1
  case study: 1
  warming: 1
  world: 1
  mounting: 1
  imperative: 1
  diplomacy: 1
  russia-china relations: 1
  opportunities: 1
  tourism: 1
  army: 1
  special: 1
  forces: 1
  problem: 1
  national: 1
  solution: 1
  coast: 1
  presence: 1
  leadership: 1
  region: 1
  ambassador: 1
  negotiating: 1
  sustainability: 1
  environmental: 1
  justice: 1
  least: 1
  WTO: 1
  safety: 1
  net: 1
  trade: 1
  investment: 1
  related: 1
  legal: 1
  issues: 1
  turbulent: 1
  times: 1
  demystifying: 1
  economic: 1
  viability: 1
  northern: 1
  sea: 1
  route: 1
  seventy-five: 1
  years: 1
  UDHR: 1
  overlooked: 1
  past: 1
  holds: 1
  important: 1
  lessons: 1
  global: 1
  change: 1
  addressed: 1
  foreign: 1
  policy: 1
  matter: 1
  stochastic: 1
  terrorism: 1
  american: 1
  innovation: 1
  america: 1
  depends: 1
  pakistan: 1
  less: 1
  china: 1
  western: 1
  smart: 1
  power: 1
  lgbtqi+: 1
  rights: 1
  advocacy: 1
  resistance: 1
  ghana: 1
  implications: 1
  challenge: 1
  populist: 1
  right: 1
  democratic: 1
  europe: 1
  european: 1
  parliamentary: 1
  indigenous: 1
  praxis: 1
  examination: 1
  applications: 1
  data: 1
  sovereignty: 1
  initiative: 1
  framework: 1
  indian: 1
  country: 1
  administration: 1
  state-of-the-art: 1
  AI: 1
  cocktail: 1
  incongruences: 1
  united nations: 1
  general assembly: 1
  place: 1
  crisis: 1
  response: 1

=== 2025 ===
  energy: 9
  transition: 2
  crossroads: 2
  global: 1
  transitions: 1
  face: 1
  climate: 1
  change: 1
  implications: 1
  security: 1
  insecurity: 1
  europe: 1
  long: 1
  journey: 1
  renewable: 1
  hydrogen: 1
  alternative: 1
  fuels: 1
  overlooked: 1
  workhorse: 1
  net: 1
  zero: 1
  tradeoffs: 1
  investors: 1
  make: 1
  break: 1
  long-term: 1
  decarbonization: 1
  role: 1
  AI: 1
  sector: 1
  shifting: 1
  gears: 1
  mexico: 1
  policy: 1
  sino-american: 1
  economic: 1
  war: 1
  critical: 1
  minerals: 1
  front: 1
  ukraine: 1
  reconstruction: 1
  raise: 1
  key: 1
  natural: 1
  resource: 1
  challenges: 1
  choices: 1
  russia: 1
  meeting: 1
  massachusetts: 1
  moment: 1

